Microchip MPLAB XC8 Compiler V3.10

Linker command line:

-W-3 \
  --edf=C:\Program Files\Microchip\xc8\v3.10\pic\dat\20250813170317_en.msgs \
  -cn -h+dist/default/production\Microwave_wm.X.production.sym \
  --cmf=dist/default/production\Microwave_wm.X.production.cmf -z -Q16F877A \
  -oC:\Users\HERAMB~1\AppData\Local\Temp\xcAs9c0.0\driver_tmp_3.o \
  --defsym=__MPLAB_BUILD=1 --fixupoverflow=error \
  -Mdist/default/production/Microwave_wm.X.production.map \
  --md=C:\Users\HERAMB~1\AppData\Local\Temp\xcAs9c0.0\driver_tmp_0.dat -E1 \
  -ver=XC8 Compiler -ACODE=00h-07FFhx4 -ASTRCODE=00h-01FFFh \
  -ASTRING=00h-0FFhx32 -ACONST=00h-0FFhx32 -AENTRY=00h-0FFhx32 \
  -ACOMMON=070h-07Fh -ABANK0=020h-06Fh -ABANK1=0A0h-0EFh \
  -ABANK2=0110h-016Fh -ABANK3=0190h-01EFh \
  -ARAM=020h-06Fh,0A0h-0EFh,0110h-016Fh,0190h-01EFh \
  -AABS1=020h-07Fh,0A0h-0EFh,0110h-016Fh,0190h-01EFh -ASFR0=00h-01Fh \
  -ASFR1=080h-09Fh -ASFR2=0100h-010Fh -ASFR3=0180h-018Fh \
  -ACONFIG=02007h-02007h -DCONFIG=2 -AIDLOC=02000h-02003h -DIDLOC=2 \
  -AEEDATA=00h-0FFh/02100h -peeprom_data=EEDATA -DEEDATA=2 -DCODE=2 \
  -DSTRCODE=2 -DSTRING=2 -DCONST=2 -DENTRY=2 \
  -preset_vec=00h,intentry=04h,sivt,init,end_init -ppowerup=CODE \
  -pcinit=CODE -pfunctab=ENTRY -k \
  C:\Users\HERAMB~1\AppData\Local\Temp\xcAs9c0.0\driver_tmp_12.o \
  dist/default/production\Microwave_wm.X.production.o 

Object code version is 3.11

Machine type is 16F877A



                Name                               Link     Load   Length Selector   Space Scale
C:\Users\HERAMB~1\AppData\Local\Temp\xcAs9c0.0\driver_tmp_12.o
                end_init                              C        C        3        8       0
                reset_vec                             0        0        3        0       0
                config                             2007     2007        1        0       4
dist/default/production\Microwave_wm.X.production.o
                cinit                                 F        F       1E        8       0
                intentry                              4        4        8        8       0
                config                             2007     2007        1        0       4
                text24                              F2A      F2A       3B     1E54       0
                text23                              EBA      EBA       36     1D74       0
                text22                              E4B      E4B       25     1C96       0
                text21                              E70      E70       25     1CE0       0
                text20                              E13      E13       15     1C26       0
                text19                              783      783       6A      BD6       0
                text18                              421      421       65        8       0
                text17                              FA7      FA7       59     1F4E       0
                text16                              E02      E02       11     1C04       0
                text15                              5EB      5EB       DD      BD6       0
                text14                              DD0      DD0        A     1BA0       0
                text13                              486      486       63        8       0
                text12                              DDA      DDA        B     1BB4       0
                text11                              DF2      DF2       10     1BE4       0
                text10                              DE5      DE5        D     1BCA       0
                text9                               4E9      4E9       15        8       0
                text8                               6C8      6C8       BB      BD6       0
                text7                               E28      E28       23     1C50       0
                text6                               F65      F65       42     1ECA       0
                text5                               EF0      EF0       3A     1DE0       0
                text4                               E95      E95       25     1D2A       0
                text3                                2D       2D      19F        8       0
                text2                               7ED      7ED       13      BD6       0
                text1                               1CC      1CC      149        8       0
                maintext                            315      315      10C        8       0
                cstackBANK0                          20       20       14       20       1
                cstackCOMMON                         70       70        9       70       1
                dataBANK0                            40       40        1       20       1
                bssBANK0                             34       34        C       20       1
                dataCOMMON                           7B       7B        1       70       1
                bssCOMMON                            79       79        2       70       1
                strings                             500      500       EB      A00       0
                idataBANK0                          4FF      4FF        1        8       0
                idataCOMMON                         4FE      4FE        1        8       0

TOTAL           Name                               Link     Load   Length     Space
        CLASS   CODE           
                end_init                              C        C        3         0
                cinit                                 F        F       1E         0
                intentry                              4        4        8         0
                reset_vec                             0        0        3         0
                text24                              F2A      F2A       3B         0
                text23                              EBA      EBA       36         0
                text22                              E4B      E4B       25         0
                text21                              E70      E70       25         0
                text20                              E13      E13       15         0
                text19                              783      783       6A         0
                text18                              421      421       65         0
                text17                              FA7      FA7       59         0
                text16                              E02      E02       11         0
                text15                              5EB      5EB       DD         0
                text14                              DD0      DD0        A         0
                text13                              486      486       63         0
                text12                              DDA      DDA        B         0
                text11                              DF2      DF2       10         0
                text10                              DE5      DE5        D         0
                text9                               4E9      4E9       15         0
                text8                               6C8      6C8       BB         0
                text7                               E28      E28       23         0
                text6                               F65      F65       42         0
                text5                               EF0      EF0       3A         0
                text4                               E95      E95       25         0
                text3                                2D       2D      19F         0
                text2                               7ED      7ED       13         0
                text1                               1CC      1CC      149         0
                maintext                            315      315      10C         0
                idataBANK0                          4FF      4FF        1         0
                idataCOMMON                         4FE      4FE        1         0

        CLASS   STRCODE        

        CLASS   STRING         
                strings                             500      500       EB         0

        CLASS   CONST          

        CLASS   ENTRY          

        CLASS   COMMON         
                cstackCOMMON                         70       70        9         1
                dataCOMMON                           7B       7B        1         1
                bssCOMMON                            79       79        2         1

        CLASS   BANK0          
                cstackBANK0                          20       20       14         1
                dataBANK0                            40       40        1         1
                bssBANK0                             34       34        C         1

        CLASS   BANK1          

        CLASS   BANK2          

        CLASS   BANK3          

        CLASS   RAM            

        CLASS   ABS1           
                abs_s1                               7E       7E        2         1

        CLASS   SFR0           

        CLASS   SFR1           

        CLASS   SFR2           

        CLASS   SFR3           

        CLASS   CONFIG         
                config                             2007     2007        1         4

        CLASS   IDLOC          

        CLASS   EEDATA         

        CLASS   HEAP           

        CLASS   STACK          



SEGMENTS        Name                           Load    Length   Top    Selector   Space  Class     Delta

                reset_vec                      000000  000003  000003         0       0  CODE        2
                intentry                       000004  0004FC  000500         8       0  CODE        2
                cstackBANK0                    000020  000021  000041        20       1  BANK0       1
                cstackCOMMON                   000070  00000C  00007C        70       1  COMMON      1
                strings                        000500  0000EB  0005EB       A00       0  STRING      2
                text15                         0005EB  000215  000800       BD6       0  CODE        2
                text14                         000DD0  00000A  000DDA      1BA0       0  CODE        2
                text12                         000DDA  00000B  000DE5      1BB4       0  CODE        2
                text10                         000DE5  00000D  000DF2      1BCA       0  CODE        2
                text11                         000DF2  000010  000E02      1BE4       0  CODE        2
                text16                         000E02  000011  000E13      1C04       0  CODE        2
                text20                         000E13  000015  000E28      1C26       0  CODE        2
                text7                          000E28  000023  000E4B      1C50       0  CODE        2
                text22                         000E4B  000025  000E70      1C96       0  CODE        2
                text21                         000E70  000025  000E95      1CE0       0  CODE        2
                text4                          000E95  000025  000EBA      1D2A       0  CODE        2
                text23                         000EBA  000036  000EF0      1D74       0  CODE        2
                text5                          000EF0  00003A  000F2A      1DE0       0  CODE        2
                text24                         000F2A  00003B  000F65      1E54       0  CODE        2
                text6                          000F65  000042  000FA7      1ECA       0  CODE        2
                text17                         000FA7  000059  001000      1F4E       0  CODE        2


UNUSED ADDRESS RANGES

        Name                Unused          Largest block    Delta
        BANK0            0041-006F             2F           1
        BANK1            00A0-00EF             50           1
        BANK2            0110-016F             60           1
        BANK3            0190-01EF             60           1
        CODE             0003-0003              1           2
                         0800-0DCF            5D0
                         1000-1FFF            800
        COMMON           007C-007D              2           1
        CONST            0003-0003              1           2
                         0800-0DCF            100
                         1000-1FFF            100
        EEDATA           2100-21FF            100           2
        ENTRY            0003-0003              1           2
                         0800-0DCF            100
                         1000-1FFF            100
        IDLOC            2000-2003              4           2
        RAM              0041-006F             2F           1
                         00A0-00EF             50
                         0110-016F             60
                         0190-01EF             60
        SFR0             0000-001F             20           1
        SFR1             0080-009F             20           1
        SFR2             0100-010F             10           1
        SFR3             0180-018F             10           1
        STRCODE          0003-0003              1           2
                         0800-0DCF            5D0
                         1000-1FFF           1000
        STRING           0003-0003              1           2
                         0800-0DCF            100
                         1000-1FFF            100

                                  Symbol Table

?___awdiv                        cstackCOMMON 0072
?___awmod                        cstackBANK0  0024
?___lwdiv                        cstackCOMMON 0072
?___lwmod                        cstackBANK0  0020
?___wmul                         cstackCOMMON 0072
_GIE                             (abs)        005F
_PEIE                            (abs)        005E
_PORTD                           (abs)        0008
_PR2                             (abs)        0092
_RB0                             (abs)        0030
_RB1                             (abs)        0031
_RB2                             (abs)        0032
_RC2                             (abs)        003A
_RD0                             (abs)        0040
_RD1                             (abs)        0041
_RD2                             (abs)        0042
_RD3                             (abs)        0043
_RE1                             (abs)        0049
_RE2                             (abs)        004A
_T2CKPS0                         (abs)        0090
_T2CKPS1                         (abs)        0091
_TMR2IE                          (abs)        0461
_TMR2IF                          (abs)        0061
_TMR2ON                          (abs)        0092
_TRISB                           (abs)        0086
_TRISC2                          (abs)        043A
_TRISD                           (abs)        0088
_TRISE1                          (abs)        0449
_TRISE2                          (abs)        044A
__H__absolute__                  __absolute__ 0000
__Habs1                          abs1         0000
__Hbank0                         bank0        0000
__Hbank1                         bank1        0000
__Hbank2                         bank2        0000
__Hbank3                         bank3        0000
__HbssBANK0                      bssBANK0     0000
__HbssCOMMON                     bssCOMMON    0000
__Hcinit                         cinit        002D
__Hclrtext                       clrtext      0000
__Hcode                          code         0000
__Hcommon                        common       0000
__Hconfig                        config       2008
__HcstackBANK0                   cstackBANK0  0000
__HcstackCOMMON                  cstackCOMMON 0000
__HdataBANK0                     dataBANK0    0000
__HdataCOMMON                    dataCOMMON   0000
__Heeprom_data                   eeprom_data  0000
__Hend_init                      end_init     000F
__Hfunctab                       functab      0000
__Hheap                          heap         0000
__HidataBANK0                    idataBANK0   0000
__HidataCOMMON                   idataCOMMON  0000
__Hinit                          init         000C
__Hintentry                      intentry     000C
__Hmaintext                      maintext     0000
__Hpowerup                       powerup      0000
__Hram                           ram          0000
__Hreset_vec                     reset_vec    0003
__Hsfr0                          sfr0         0000
__Hsfr1                          sfr1         0000
__Hsfr2                          sfr2         0000
__Hsfr3                          sfr3         0000
__Hsivt                          sivt         000C
__Hspace_0                       (abs)        1000
__Hspace_1                       (abs)        007C
__Hspace_2                       (abs)        0000
__Hspace_3                       (abs)        0000
__Hspace_4                       (abs)        400F
__Hstack                         stack        0000
__Hstrings                       strings      0000
__Htext                          text         0000
__L__absolute__                  __absolute__ 0000
__Labs1                          abs1         0000
__Lbank0                         bank0        0000
__Lbank1                         bank1        0000
__Lbank2                         bank2        0000
__Lbank3                         bank3        0000
__LbssBANK0                      bssBANK0     0000
__LbssCOMMON                     bssCOMMON    0000
__Lcinit                         cinit        000F
__Lclrtext                       clrtext      0000
__Lcode                          code         0000
__Lcommon                        common       0000
__Lconfig                        config       0000
__LcstackBANK0                   cstackBANK0  0000
__LcstackCOMMON                  cstackCOMMON 0000
__LdataBANK0                     dataBANK0    0000
__LdataCOMMON                    dataCOMMON   0000
__Leeprom_data                   eeprom_data  0000
__Lend_init                      end_init     000C
__Lfunctab                       functab      0000
__Lheap                          heap         0000
__LidataBANK0                    idataBANK0   0000
__LidataCOMMON                   idataCOMMON  0000
__Linit                          init         000C
__Lintentry                      intentry     0004
__Lmaintext                      maintext     0000
__Lpowerup                       powerup      0000
__Lram                           ram          0000
__Lreset_vec                     reset_vec    0000
__Lsfr0                          sfr0         0000
__Lsfr1                          sfr1         0000
__Lsfr2                          sfr2         0000
__Lsfr3                          sfr3         0000
__Lsivt                          sivt         000C
__Lspace_0                       (abs)        0000
__Lspace_1                       (abs)        0000
__Lspace_2                       (abs)        0000
__Lspace_3                       (abs)        0000
__Lspace_4                       (abs)        0000
__Lstack                         stack        0000
__Lstrings                       strings      0000
__Ltext                          text         0000
__S0                             (abs)        1000
__S1                             (abs)        007C
__S3                             (abs)        0000
___awdiv                         text18       0421
___awdiv@counter                 cstackBANK0  0020
___awdiv@dividend                cstackCOMMON 0074
___awdiv@divisor                 cstackCOMMON 0072
___awdiv@quotient                cstackBANK0  0022
___awdiv@sign                    cstackBANK0  0021
___awmod                         text17       0FA7
___awmod@counter                 cstackCOMMON 0076
___awmod@dividend                cstackBANK0  0026
___awmod@divisor                 cstackBANK0  0024
___awmod@sign                    cstackCOMMON 0077
___bmul                          text2        07ED
___bmul@multiplicand             cstackCOMMON 0072
___bmul@multiplier               cstackCOMMON 0074
___bmul@product                  cstackCOMMON 0073
___heap_hi                       (abs)        0000
___heap_lo                       (abs)        0000
___int_sp                        stack        0000
___int_stack_hi                  stack        0000
___int_stack_lo                  stack        0000
___latbits                       (abs)        0002
___lwdiv                         text6        0F65
___lwdiv@counter                 cstackCOMMON 0078
___lwdiv@dividend                cstackCOMMON 0074
___lwdiv@divisor                 cstackCOMMON 0072
___lwdiv@quotient                cstackCOMMON 0076
___lwmod                         text5        0EF0
___lwmod@counter                 cstackBANK0  0024
___lwmod@dividend                cstackBANK0  0022
___lwmod@divisor                 cstackBANK0  0020
___sp                            stack        0000
___stack_hi                      stack        0000
___stack_lo                      stack        0000
___stackhi                       (abs)        0000
___stacklo                       (abs)        0000
___wmul                          text4        0E95
___wmul@multiplicand             cstackCOMMON 0074
___wmul@multiplier               cstackCOMMON 0072
___wmul@product                  cstackCOMMON 0076
__end_of___awdiv                 text18       0486
__end_of___awmod                 text17       1000
__end_of___bmul                  text2        0800
__end_of___lwdiv                 text6        0FA7
__end_of___lwmod                 text5        0F2A
__end_of___wmul                  text4        0EBA
__end_of__initialization         cinit        0029
__end_of__stringtab              strings      0506
__end_of_clcd_print              text22       0E70
__end_of_clcd_putch              text20       0E28
__end_of_clcd_write              text23       0EF0
__end_of_clear_screen            text16       0E13
__end_of_display_modes           text21       0E95
__end_of_display_power_screen    text19       07ED
__end_of_display_time            text15       06C8
__end_of_heat_food               text14       0DDA
__end_of_init_clcd               text12       0DE5
__end_of_init_config             text9        04FE
__end_of_init_display_controller text13       04E9
__end_of_init_matrix_keypad      text11       0E02
__end_of_init_timer2             text10       0DF2
__end_of_isr                     text24       0F65
__end_of_main                    maintext     0421
__end_of_read_matrix_keypad      text7        0E4B
__end_of_scan_keypad             text8        0783
__end_of_set_temp                text3        01CC
__end_of_set_time                text1        0315
__initialization                 cinit        000F
__pbssBANK0                      bssBANK0     0034
__pbssCOMMON                     bssCOMMON    0079
__pcstackBANK0                   cstackBANK0  0020
__pcstackCOMMON                  cstackCOMMON 0070
__pdataBANK0                     dataBANK0    0040
__pdataCOMMON                    dataCOMMON   007B
__pidataBANK0                    idataBANK0   04FF
__pidataCOMMON                   idataCOMMON  04FE
__pintentry                      intentry     0004
__pmaintext                      maintext     0315
__pstrings                       strings      0500
__ptext1                         text1        01CC
__ptext10                        text10       0DE5
__ptext11                        text11       0DF2
__ptext12                        text12       0DDA
__ptext13                        text13       0486
__ptext14                        text14       0DD0
__ptext15                        text15       05EB
__ptext16                        text16       0E02
__ptext17                        text17       0FA7
__ptext18                        text18       0421
__ptext19                        text19       0783
__ptext2                         text2        07ED
__ptext20                        text20       0E13
__ptext21                        text21       0E70
__ptext22                        text22       0E4B
__ptext23                        text23       0EBA
__ptext24                        text24       0F2A
__ptext3                         text3        002D
__ptext4                         text4        0E95
__ptext5                         text5        0EF0
__ptext6                         text6        0F65
__ptext7                         text7        0E28
__ptext8                         text8        06C8
__ptext9                         text9        04E9
__stringbase                     strings      0505
__stringtab                      strings      0500
_clcd_print                      text22       0E4B
_clcd_putch                      text20       0E13
_clcd_write                      text23       0EBA
_clear_screen                    text16       0E02
_display_modes                   text21       0E70
_display_power_screen            text19       0783
_display_time                    text15       05EB
_heat_food                       text14       0DD0
_init_clcd                       text12       0DDA
_init_config                     text9        04E9
_init_display_controller         text13       0486
_init_matrix_keypad              text11       0DF2
_init_timer2                     text10       0DE5
_isr                             text24       0F2A
_main                            maintext     0315
_min                             bssBANK0     003E
_nRBPU                           (abs)        040F
_pre_heat                        bssBANK0     003D
_read_matrix_keypad              text7        0E28
_scan_keypad                     text8        06C8
_screen_flag                     dataBANK0    0040
_sec                             bssBANK0     003F
_set_temp                        text3        002D
_set_time                        text1        01CC
_temp                            bssBANK0     0034
btemp                            (abs)        007E
btemp0                           (abs)        007E
btemp1                           (abs)        007F
clcd_print@addr                  cstackCOMMON 0077
clcd_print@str                   cstackCOMMON 0076
clcd_putch@addr                  cstackBANK0  0028
clcd_putch@data                  cstackBANK0  0029
clcd_write@byte                  cstackCOMMON 0075
clcd_write@mode                  cstackCOMMON 0072
display_power_screen@i           cstackBANK0  002D
display_power_screen@i_156       cstackBANK0  002E
end_of_initialization            cinit        0029
interrupt_function               intentry     0004
intlevel0                        functab      0000
intlevel1                        functab      0000
intlevel2                        functab      0000
intlevel3                        functab      0000
intlevel4                        functab      0000
intlevel5                        functab      0000
isr@count                        bssCOMMON    0079
ltemp0a                          (abs)        0080
main@key                         cstackBANK0  0033
main@reset_flag                  cstackBANK0  0032
read_matrix_keypad@key           cstackCOMMON 0075
read_matrix_keypad@mode          cstackCOMMON 0074
read_matrix_keypad@once          dataCOMMON   007B
reset_vec                        reset_vec    0000
saved_w                          (abs)        007E
scan_keypad@i                    cstackCOMMON 0072
set_temp@delay                   bssBANK0     0037
set_temp@display_blank           bssBANK0     0036
set_temp@key                     cstackBANK0  002D
set_temp@key_count               bssBANK0     0038
set_temp@reset_flag              cstackBANK0  002A
set_time@blink_pos               bssBANK0     003C
set_time@delay                   bssBANK0     003A
set_time@display_blank           bssBANK0     0039
set_time@key                     cstackBANK0  002D
set_time@key_count               bssBANK0     003B
set_time@reset_flag              cstackBANK0  002A
start                            init         000C
start_initialization             cinit        000F
ttemp0a                          (abs)        007F
wtemp0                           (abs)        007E
wtemp0a                          (abs)        007F


MODULE INFORMATION

Module		Function		Class		Link	Load	Size
timers.c
		_init_timer2   		CODE           	0DE5	0000	13

timers.c estimated size: 13

C:\Program Files\Microchip\xc8\v3.10\pic\sources\c99\common\lwmod.c
		___lwmod       		CODE           	0EF0	0000	58

C:\Program Files\Microchip\xc8\v3.10\pic\sources\c99\common\lwmod.c estimated size: 58

C:\Program Files\Microchip\xc8\v3.10\pic\sources\c99\common\awmod.c
		___awmod       		CODE           	0FA7	0000	89

C:\Program Files\Microchip\xc8\v3.10\pic\sources\c99\common\awmod.c estimated size: 89

matrix_keypad.c
		_init_matrix_keypad		CODE           	0DF2	0000	16
		_read_matrix_keypad		CODE           	0E28	0000	35
		_scan_keypad   		CODE           	06C8	0000	187

matrix_keypad.c estimated size: 238

C:\Program Files\Microchip\xc8\v3.10\pic\sources\c99\common\lwdiv.c
		___lwdiv       		CODE           	0F65	0000	66

C:\Program Files\Microchip\xc8\v3.10\pic\sources\c99\common\lwdiv.c estimated size: 66

C:\Program Files\Microchip\xc8\v3.10\pic\sources\c99\common\awdiv.c
		___awdiv       		CODE           	0421	0000	101

C:\Program Files\Microchip\xc8\v3.10\pic\sources\c99\common\awdiv.c estimated size: 101

C:\Program Files\Microchip\xc8\v3.10\pic\sources\c99\common\Umul8.c
		___bmul        		CODE           	07ED	0000	19

C:\Program Files\Microchip\xc8\v3.10\pic\sources\c99\common\Umul8.c estimated size: 19

isr.c
		_isr           		CODE           	0F2A	0000	59

isr.c estimated size: 59

shared
		__stringtab    		STRING         	0500	0000	6
		__initialization		CODE           	000F	0000	26

shared estimated size: 32

clcd.c
		_clcd_write    		CODE           	0EBA	0000	54
		_clear_screen  		CODE           	0E02	0000	17
		_clcd_print    		CODE           	0E4B	0000	37
		_clcd_putch    		CODE           	0E13	0000	21
		_init_display_controller		CODE           	0486	0000	99
		_init_clcd     		CODE           	0DDA	0000	11

clcd.c estimated size: 239

micro_oven.c
		_display_time  		CODE           	05EB	0000	221
		_heat_food     		CODE           	0DD0	0000	10
		_display_modes 		CODE           	0E70	0000	37
		_set_temp      		CODE           	002D	0000	415
		_display_power_screen		CODE           	0783	0000	106
		_set_time      		CODE           	01CC	0000	329

micro_oven.c estimated size: 1118

main.c
		_main          		CODE           	0315	0000	268
		_init_config   		CODE           	04E9	0000	21

main.c estimated size: 289

C:\Program Files\Microchip\xc8\v3.10\pic\sources\c99\common\Umul16.c
		___wmul        		CODE           	0E95	0000	37

C:\Program Files\Microchip\xc8\v3.10\pic\sources\c99\common\Umul16.c estimated size: 37

